# Execute Log — Task 1778573219-5a3ac7f3

## 変更ファイル一覧

- index.html: 新規作成 (proposed: feat: add single-file vanilla TODO app with localStorage persistence)

## 実装サマリ

plan.md の Implementation order (step 1–3) に従って `index.html` を実装した。

### step 1 — HTML 骨格

- `<!DOCTYPE html>` / `<meta charset="UTF-8">` / `<meta name="viewport" content="width=device-width, initial-scale=1">`
- body > `<main class="app">` > `<h1>` / `<form id="todo-form">` (input + submit button) / `<ul id="todo-list">`

### step 2 — CSS インライン

- `font-family: system-ui, -apple-system, sans-serif` (OS native font、CDN 禁止遵守)
- `.app { max-width: 480px; margin: 0 auto; }` で中央寄せ (375px 対応)
- form は `display: flex; gap: 8px;`、input は `flex: 1; min-width: 0;` でモバイル対応
- `.todo-text.completed { text-decoration: line-through; color: #999; }` (AC3)
- 削除ボタンは `border: none; background: transparent;` (hover 時のみ色付け)

### step 3 — JS インライン

- `STORAGE_KEY = 'todos.v1'` を const で定義
- `loadFromStorage()`: try/catch → parse error は silent ignore、 空配列フォールバック (AC11)
- `saveToStorage()`: try/catch → 失敗時は `console.warn` (QuotaExceededError 等)
- `render()`: `#todo-list` を毎回クリア → `document.createElement` のみ、`element.textContent` で描画 (innerHTML 禁止 — AC8)
- `addTodo(text)`: `text.trim()` → 空なら return (AC6)、`crypto.randomUUID()` で id 生成
- `toggleTodo(id)` / `removeTodo(id)`: 配列更新 → save → render
- form submit: `e.preventDefault()` → trim チェック → `addTodo` → input clear。空文字は no-op、input は残す (AC6)
- event delegation: `#todo-list` に 2 listener (click → remove のみ、 change → toggle のみ) で二重発火を回避

## Judgment traceability

plan.md には「任意」「executor 判断」等の選択肢記載はなし。すべての実装は plan の明示指示に従った。

## DRY check — index.html

- click listener と change listener を分離 (click: remove のみ、change: toggle のみ) → 当初実装で click handler に toggle 分岐を含めていたため、チェックボックスクリック時に click + change 双方で `toggleTodo` が二重発火するバグを検出。click handler の toggle 分岐を削除済
- `toggleTodo` / `removeTodo` / `addTodo` は各1箇所のみ定義、重複実装なし
- 未使用 import / dead branch / TODO マーカーなし

## AC 対応状況 (executor 自己確認)

| AC | 対応 |
|---|---|
| AC1 | form + ul が常に描画される |
| AC2 | form submit (Enter / button) → addTodo → render |
| AC3 | checkbox toggle → done フラグ反転 → `.completed` クラス付与 |
| AC4 | 削除ボタン → removeTodo → render |
| AC5 | loadFromStorage (起動時) + saveToStorage (変更時) |
| AC6 | addTodo / form handler で `trim() === ''` なら no-op、input 残す |
| AC7 | max-width: 480px、min-width: 0 (375px 対応) |
| AC8 | textContent のみ使用、innerHTML に user 入力なし |
| AC9 | todos = [] で render() → `<ul>` が空、form は表示される |
| AC10 | UTF-8 宣言あり、textContent は Unicode 透過 |
| AC11 | loadFromStorage の catch ブロック → 空配列フォールバック |
