# Execute log — task 1778571352-201024dd

## Files changed

- package.json: 新規作成 — ws dependency, scripts.start, "type": "module", engines.node>=18 (proposed: feat: scaffold package.json for ws-chat)
- server.js: 新規作成 — HTTP+WebSocket server, join/message/close handler, broadcast (proposed: feat: implement WebSocket chat server)
- public/index.html: 新規作成 — join form + chat UI, WebSocket lifecycle, reconnect, XSS対策 (proposed: feat: implement chat client HTML)
- README.md: 新規作成 — 起動手順 + S1-S5 手動確認手順 (proposed: docs: add README with setup and S1-S5 verification steps)
- .gitignore: 新規作成 — node_modules 除外 (proposed: chore: add .gitignore)

## Startup verification

- `npm install` → 1 package added, 0 vulnerabilities
- `node server.js` → "Chat server listening on http://localhost:3000"
- `curl -s -o /dev/null -w "%{http_code}" http://localhost:3000/` → 200
- `curl -I -X GET http://localhost:3000/` → HTTP/1.1 200 OK, Content-Type: text/html; charset=utf-8
- server process terminated cleanly after kill

## Judgment traceability

### plan "任意" 項目: A14 system message
- **採用** (理由: join/leave broadcast は S1-S5 に副作用なし、UX改善として明示 plan.md step 8 で推奨)

### notes.md "executor 判断" 項目: 制御文字 strip (XSS 二重防御)
- **不採用** (理由: textContent 使用で XSS は防御済み、追加 strip は spec に明示なく overkill)

### notes.md "executor 判断" 項目: nickname (2) suffix (重複 nickname UX)
- **不採用** (理由: spec で重複 nickname 禁止の記述なし、シンプルな許可が defensive default に合致)

### notes.md "executor 判断" 項目: max message length 値
- **1000 文字を採用** (理由: plan.md R3 で "例: 1000 文字" と明示、README にも明記済)

### plan "検討" 項目: exponential backoff (R5 reconnect ループ暴走)
- **採用** (理由: 3s * 2^n, max 5 回。plan R5 "exponential backoff" を明示推奨、暴走防止に有効)

## DRY check — server.js
- broadcast() を L25-31 で定義、join/message/close handler 全箇所で呼び出し済み (forEach 直書きなし)
- isValidNickname / isValidMessage helper 分離、join/message handler で利用 (重複 logic なし)
- 未使用 import なし
- dead branch なし

## DRY check — public/index.html
- safeSend() helper でWS送信を一元化 (open handler / sendMessage の2箇所で呼び出し)
- appendMessage / appendSystemMessage を分離、各1箇所で使用
- textContent を全3箇所 (nickname/text/system text) で使用、innerHTML 不使用
- dead branch なし

## Notes for verifier

- WebSocket は `ws://` または `wss://` で location.host に接続 (同一 origin)
- 空 nickname / 空メッセージの server 側拒否は server.js isValidNickname / isValidMessage で実装
- join 前の message send は server 側 A11 で silent return
- 不正 JSON / 想定外 type は try/catch + default no-op で A12 対応
- R2 (二重 join): clients.has(ws) で既 join socket を ignore
- reconnect 後は同 nickname で再 join (ws.onopen で safeSend({type:"join",...}))
